2026-05-29 23:50:24,393 - INFO - cli - *** selected seed: 5996413
2026-05-29 23:50:24,393 - INFO - cli - *** selected task: parsinlu-food-sentiment
2026-05-29 23:50:24,431 - INFO - cli - *** example 0 text a is: خوشمزه و خوب در یخچال بگذارید که شکلات آن آب نشود
2026-05-29 23:50:37,454 - INFO - cli - *** scores for patterns: {1: np.float64(0.5), 2: np.float64(0.375), 3: np.float64(0.375)}
2026-05-29 23:50:37,454 - INFO - cli - *** selected patter: 1
2026-05-29 23:50:44,911 - INFO - cli - *** selected label words: {'Positive': ['عالی ممنون'], 'Negative': ['بد'], 'Neutral': ['متوسط']}
2026-05-29 23:50:45,035 - INFO - cli - *** selected seed: 2190055
2026-05-29 23:50:45,035 - INFO - cli - *** selected task: parsinlu-food-sentiment
2026-05-29 23:50:45,038 - INFO - cli - *** example 0 text a is: خرید خوبی بود.پیشنهاد میکنم در شگفت انگیز خرید خوبی هست‌.
2026-05-29 23:50:57,683 - INFO - cli - *** scores for patterns: {1: np.float64(0.5), 2: np.float64(0.5416666666666666), 3: np.float64(0.4583333333333333)}
2026-05-29 23:50:57,683 - INFO - cli - *** selected patter: 2
2026-05-29 23:51:04,501 - INFO - cli - *** selected label words: {'Positive': ['سالم'], 'Negative': ['اشتباه'], 'Neutral': ['معروف']}
2026-05-29 23:51:04,623 - INFO - cli - *** selected seed: 7325194
2026-05-29 23:51:04,623 - INFO - cli - *** selected task: parsinlu-movie-sentiment
2026-05-29 23:51:04,624 - INFO - cli - *** example 0 text a is: رئالیسمی که قط تک تک شخصیت ها روش کار شده بود و بقیه عوامل فیلم ضعیف رها شده..تشکیل یه مجموعه نبود و فیلمنامه خیلی کلیشه ای ...
2026-05-29 23:51:19,183 - INFO - cli - *** scores for patterns: {1: np.float64(0.2916666666666667), 2: np.float64(0.4166666666666667), 3: np.float64(0.3333333333333333)}
2026-05-29 23:51:19,183 - INFO - cli - *** selected patter: 2
2026-05-29 23:51:27,680 - INFO - cli - *** selected label words: {'Positive': ['واقعا عالی'], 'Negative': ['واقعا بد'], 'Neutral': ['قشنگ']}
2026-05-29 23:51:27,775 - INFO - cli - *** selected seed: 9619957
2026-05-29 23:51:27,775 - INFO - cli - *** selected task: digikala-tc
2026-05-29 23:51:27,791 - INFO - cli - *** example 0 text a is: تریلر دنیای Control استودیوی بازی‌سازی Remedy Entertainment تریلری تازه از بازی Control منتشر کرده است که محیط‌های مختلف این بازی ماورایی را نشان می‌دهد
2026-05-29 23:51:44,652 - INFO - cli - *** scores for patterns: {1: np.float64(0.4642857142857143), 2: np.float64(0.23214285714285715)}
2026-05-29 23:51:44,652 - INFO - cli - *** selected patter: 1
2026-05-29 23:52:03,603 - INFO - cli - *** selected label words: {'عمومی': ['عمومی'], 'راهنمای خرید': ['آموزش'], 'بازی ویدیویی': ['بازی بازی'], 'کتاب و ادبیات': ['کتاب کتاب'], 'سلامت و زیبایی': ['سلامت'], 'هنر و سینما': ['موسیقی'], 'علم و تکنولوژی': ['فناوری']}
2026-05-29 23:52:03,682 - INFO - cli - *** selected seed: 3878968
2026-05-29 23:52:03,682 - INFO - cli - *** selected task: digikala-tc
2026-05-29 23:52:03,697 - INFO - cli - *** example 0 text a is: هواوی میت Xs با نمایشگر تاشو مقاوم‌تر نسبت به میت X و پردازنده جدید، معرفی شد یک سال از وقتی که نمایشگاه MWC ۲۰۱۹ برگزار شد و هواوی با گوشی میت X در آن‌جا درخشید، گذشته است
2026-05-29 23:52:20,537 - INFO - cli - *** scores for patterns: {1: np.float64(0.6964285714285714), 2: np.float64(0.39285714285714285)}
2026-05-29 23:52:20,537 - INFO - cli - *** selected patter: 1
2026-05-29 23:52:38,196 - INFO - cli - *** selected label words: {'عمومی': ['عمومی'], 'راهنمای خرید': ['آموزش'], 'بازی ویدیویی': ['بازی بازی'], 'کتاب و ادبیات': ['کتاب'], 'سلامت و زیبایی': ['سلامت'], 'هنر و سینما': ['موسیقی'], 'علم و تکنولوژی': ['فناوری']}
2026-05-29 23:52:38,288 - INFO - cli - *** selected seed: 914562
2026-05-29 23:52:38,288 - INFO - cli - *** selected task: parsinlu-nli
2026-05-29 23:52:38,290 - INFO - cli - *** example 0 text a is: یعنی ما یک رقم اضافی یا حشو (به انگلیسی redundancy) داریم که با آن از این خطاها جلوگیری می‌کنیم.
2026-05-29 23:52:52,400 - INFO - cli - *** scores for patterns: {1: np.float64(0.2916666666666667), 2: np.float64(0.3333333333333333), 3: np.float64(0.2916666666666667)}
2026-05-29 23:52:52,401 - INFO - cli - *** selected patter: 2
2026-05-29 23:52:58,494 - INFO - cli - *** selected label words: {'e': ['بله'], 'c': ['خیر'], 'n': ['شاید']}
2026-05-29 23:52:58,612 - INFO - cli - *** selected seed: 488642
2026-05-29 23:52:58,612 - INFO - cli - *** selected task: parsinlu-food-sentiment
2026-05-29 23:52:58,615 - INFO - cli - *** example 0 text a is: از خریدم راضی هستم مارک شانا از کیفیت خوبی برخوردار است
2026-05-29 23:53:11,243 - INFO - cli - *** scores for patterns: {1: np.float64(0.4583333333333333), 2: np.float64(0.5416666666666666), 3: np.float64(0.5833333333333334)}
2026-05-29 23:53:11,243 - INFO - cli - *** selected patter: 3
2026-05-29 23:53:17,229 - INFO - cli - *** selected label words: {'Positive': ['خوب'], 'Negative': ['فاجعه'], 'Neutral': ['متوسط']}
2026-05-29 23:53:17,351 - INFO - cli - *** selected seed: 6053638
2026-05-29 23:53:17,351 - INFO - cli - *** selected task: parsinlu-nli
2026-05-29 23:53:17,388 - INFO - cli - *** example 0 text a is: این رسانه‌ها اعلام کردند حسین انصاری رهبر جنبش النهضت تونس، پیام تبریکی برای مستربین ارسال کرده‌است.
2026-05-29 23:53:30,326 - INFO - cli - *** scores for patterns: {1: np.float64(0.4166666666666667), 2: np.float64(0.5833333333333334), 3: np.float64(0.5)}
2026-05-29 23:53:30,326 - INFO - cli - *** selected patter: 2
2026-05-29 23:53:36,456 - INFO - cli - *** selected label words: {'e': ['بله'], 'c': ['خیر'], 'n': ['شاید']}
2026-05-29 23:53:36,575 - INFO - cli - *** selected seed: 7703107
2026-05-29 23:53:36,575 - INFO - cli - *** selected task: digikala-tc
2026-05-29 23:53:36,906 - INFO - cli - *** example 0 text a is: صابون‌های ضدباکتری هیچ فرقی با صابون‌های عادی ندارند در دنیایی که بیماری در هر گوشه و کناری کمینه کرده، صابون‌های ضدباکتری نوعی حس کنترل را به فرد القا می‌کنند
2026-05-29 23:53:51,284 - INFO - cli - *** scores for patterns: {1: np.float64(0.5), 2: np.float64(0.39285714285714285)}
2026-05-29 23:53:51,284 - INFO - cli - *** selected patter: 1
2026-05-29 23:54:09,618 - INFO - cli - *** selected label words: {'عمومی': ['عمومی'], 'راهنمای خرید': ['آموزش'], 'بازی ویدیویی': ['بازی بازی'], 'کتاب و ادبیات': ['کتاب کتاب'], 'سلامت و زیبایی': ['سلامت'], 'هنر و سینما': ['موسیقی'], 'علم و تکنولوژی': ['فناوری']}
2026-05-29 23:54:09,699 - INFO - cli - *** selected seed: 6923378
2026-05-29 23:54:09,699 - INFO - cli - *** selected task: parsinlu-movie-sentiment
2026-05-29 23:54:09,700 - INFO - cli - *** example 0 text a is: واقعا و به جرات می تونم بگم فیلم خوبیه که با کشش عجیبی تو رو با خودش می بره و هرگز رهات نمی کنه و این لذتبخشه ....
2026-05-29 23:54:22,469 - INFO - cli - *** scores for patterns: {1: np.float64(0.4166666666666667), 2: np.float64(0.5416666666666666), 3: np.float64(0.375)}
2026-05-29 23:54:22,469 - INFO - cli - *** selected patter: 2
2026-05-29 23:54:29,951 - INFO - cli - *** selected label words: {'Positive': ['بسیار عالی'], 'Negative': ['فیلم بد'], 'Neutral': ['جالب']}
2026-05-29 23:54:30,051 - INFO - cli - *** selected seed: 7759698
2026-05-29 23:54:30,051 - INFO - cli - *** selected task: digikala-tc
2026-05-29 23:54:30,067 - INFO - cli - *** example 0 text a is: هرآنچه در مورد گوشی پرچم‌دار ردمی K۲۰ شیائومی می‌دانیم طی چند هفته‌ی گذشته گزارش‌های زیادی در مورد گوشی هیجان‌انگیز ردمی K۲۰ منتشر شده که البته بیشتر آن‌ها از جانب شیائومی بوده است
2026-05-29 23:54:44,439 - INFO - cli - *** scores for patterns: {1: np.float64(0.48214285714285715), 2: np.float64(0.35714285714285715)}
2026-05-29 23:54:44,439 - INFO - cli - *** selected patter: 1
2026-05-29 23:55:01,842 - INFO - cli - *** selected label words: {'عمومی': ['عمومی'], 'راهنمای خرید': ['آموزش'], 'بازی ویدیویی': ['بازی بازی'], 'کتاب و ادبیات': ['کتاب'], 'سلامت و زیبایی': ['سلامت'], 'هنر و سینما': ['موسیقی'], 'علم و تکنولوژی': ['فناوری']}
2026-05-29 23:55:01,926 - INFO - cli - *** selected seed: 9573107
2026-05-29 23:55:01,926 - INFO - cli - *** selected task: parsinlu-movie-sentiment
2026-05-29 23:55:01,927 - INFO - cli - *** example 0 text a is: واقعا و به جرات می تونم بگم فیلم خوبیه که با کشش عجیبی تو رو با خودش می بره و هرگز رهات نمی کنه و این لذتبخشه ....
2026-05-29 23:55:14,877 - INFO - cli - *** scores for patterns: {1: np.float64(0.375), 2: np.float64(0.5416666666666666), 3: np.float64(0.5416666666666666)}
2026-05-29 23:55:14,877 - INFO - cli - *** selected patter: 2
2026-05-29 23:55:21,015 - INFO - cli - *** selected label words: {'Positive': ['دیدنی'], 'Negative': ['بد'], 'Neutral': ['متوسط']}
2026-05-29 23:55:21,132 - INFO - cli - *** selected seed: 8764291
2026-05-29 23:55:21,132 - INFO - cli - *** selected task: parsinlu-nli
2026-05-29 23:55:21,134 - INFO - cli - *** example 0 text a is: ۴ میلیون مردم در خانه هایشان اخبار شب را در CBS ، ABC و NBC مشاهده می کنند.
2026-05-29 23:55:35,679 - INFO - cli - *** scores for patterns: {1: np.float64(0.375), 2: np.float64(0.3333333333333333), 3: np.float64(0.3333333333333333)}
2026-05-29 23:55:35,679 - INFO - cli - *** selected patter: 1
2026-05-29 23:55:41,768 - INFO - cli - *** selected label words: {'e': ['نعم'], 'c': ['برعکس'], 'n': ['امروزه']}
2026-05-29 23:55:41,887 - INFO - cli - *** selected seed: 5507654
2026-05-29 23:55:41,888 - INFO - cli - *** selected task: parsinlu-movie-sentiment
2026-05-29 23:55:41,888 - INFO - cli - *** example 0 text a is: این فیلم رو در بهمن ماه و قبل از آغاز جشنواره فیلم فجر دیدم واقعا فیلم داغونی بود ........ فیلم را همراه با کارگردان اثر و بهرام رادان دیدیم ، من که نتونستم با فیلم ارتباط برقرار کنم و وسط فیلم بلند شدم رفتم حیف رادان که در این فیلم ضعیف بازی کرد
2026-05-29 23:55:54,587 - INFO - cli - *** scores for patterns: {1: np.float64(0.3333333333333333), 2: np.float64(0.5833333333333334), 3: np.float64(0.625)}
2026-05-29 23:55:54,587 - INFO - cli - *** selected patter: 3
2026-05-29 23:56:00,624 - INFO - cli - *** selected label words: {'Positive': ['خوب'], 'Negative': ['فاجعه'], 'Neutral': ['متوسط']}
2026-05-29 23:56:00,741 - INFO - cli - *** selected seed: 6344357
2026-05-29 23:56:00,741 - INFO - cli - *** selected task: parsinlu-nli
2026-05-29 23:56:00,743 - INFO - cli - *** example 0 text a is: امیر مفخم از ناصرالدین‌شاه قاجار، مظفرالدین‌شاه، محمدعلی‌شاه و احمدشاه قاجار احکام مختلفی دریافت نمود؛ ولی اوج قدرت و نفوذ وی، به زمان پادشاهی محمدعلی‌شاه یعنی در فاصله سال‌های ۱۲۸۵ تا ۱۲۸۸ هجری شمسی بازمی‌گردد.
2026-05-29 23:56:13,533 - INFO - cli - *** scores for patterns: {1: np.float64(0.375), 2: np.float64(0.3333333333333333), 3: np.float64(0.375)}
2026-05-29 23:56:13,533 - INFO - cli - *** selected patter: 1
2026-05-29 23:56:19,621 - INFO - cli - *** selected label words: {'e': ['بله'], 'c': ['خیر'], 'n': ['شاید']}
2026-05-29 23:56:19,740 - INFO - cli - *** selected seed: 1226873
2026-05-29 23:56:19,740 - INFO - cli - *** selected task: digikala-tc
2026-05-29 23:56:19,756 - INFO - cli - *** example 0 text a is: AMD از پردازنده‌های قدرتمند رایزن ۴۰۰۰ مخصوص لپ تاپ رونمایی کرد در حالی که اینتل در غیاب پردازنده‌های نسل جدید AMD، با پردازنده‌های ۱۰ نانومتری خود بر بازار پردازنده‌های لپ تاپ تسلط داشت، AMD در نمایشگاه CES ۲۰۲۰، از پردازنده‌های ۷ نانومتری رایزن ۴۰۰۰ مخصوص لپ تاپ رونمایی کرد تا در این بخش نیز قدرت خود را به رخ رقیب قدیمی بکشاند! امسال برای اینتل یک سال کاملا کابوس‌ وار بود! AMD بعد از سال‌ها توانست به سلطه اینتل بر بازار پردازنده‌های کامپیوتری پایان دهد و با معماری ساخت ۷ نانومتری، اینتل را که همچنان درگیر ساخت پردازنده‌های ۱۴ نانومتری دسکتاپ است پشت سر بگذارد
2026-05-29 23:56:34,110 - INFO - cli - *** scores for patterns: {1: np.float64(0.625), 2: np.float64(0.48214285714285715)}
2026-05-29 23:56:34,110 - INFO - cli - *** selected patter: 1
2026-05-29 23:56:53,877 - INFO - cli - *** selected label words: {'عمومی': ['عمومی'], 'راهنمای خرید': ['نکته'], 'بازی ویدیویی': ['بازی نیوز'], 'کتاب و ادبیات': ['ادبیات'], 'سلامت و زیبایی': ['سلامت مقاله'], 'هنر و سینما': ['مجله فیلم'], 'علم و تکنولوژی': ['پرشین تکنولوژی']}
2026-05-29 23:56:53,950 - INFO - cli - *** selected seed: 465055
2026-05-29 23:56:53,950 - INFO - cli - *** selected task: digikala-tc
2026-05-29 23:56:53,966 - INFO - cli - *** example 0 text a is: تحلیل‌گران: نمایشگاه E۳ حال و روز خوبی ندارد آخرین آمار و ارقامی که برگزار کنندگان بزرگترین رویداد سال صنعت بازی از مراسم خود اعلام کرده‌اند، از کاهش محبوبیت آن می‌گوید
2026-05-29 23:57:08,340 - INFO - cli - *** scores for patterns: {1: np.float64(0.625), 2: np.float64(0.5535714285714286)}
2026-05-29 23:57:08,340 - INFO - cli - *** selected patter: 1
2026-05-29 23:57:28,623 - INFO - cli - *** selected label words: {'عمومی': ['عمومی'], 'راهنمای خرید': ['نکته'], 'بازی ویدیویی': ['بازی نیوز'], 'کتاب و ادبیات': ['کتاب کتاب'], 'سلامت و زیبایی': ['سلامت مقاله'], 'هنر و سینما': ['مجله فیلم'], 'علم و تکنولوژی': ['پرشین تکنولوژی']}
2026-05-29 23:57:28,718 - INFO - cli - *** selected seed: 3398122
2026-05-29 23:57:28,718 - INFO - cli - *** selected task: parsinlu-food-sentiment
2026-05-29 23:57:28,721 - INFO - cli - *** example 0 text a is: نمی‌دونم صرفا چون خوش‌رنگه حس می‌کنم خوشمزه‌تر از تخم‌مرغای دیگه است یا واقعا خوش‌مزه‌‌تره. من طعم تخم‌مرغ محلی رو دوست ندارم و در نتیجه محلی نبودن این تخم مرغ برای من پوینت مثبت محسوب میشه.
2026-05-29 23:57:42,883 - INFO - cli - *** scores for patterns: {1: np.float64(0.75), 2: np.float64(0.4166666666666667), 3: np.float64(0.5)}
2026-05-29 23:57:42,884 - INFO - cli - *** selected patter: 1
2026-05-29 23:57:48,878 - INFO - cli - *** selected label words: {'Positive': ['تشکر'], 'Negative': [':('], 'Neutral': ['متوسط']}
2026-05-29 23:57:49,000 - INFO - cli - *** selected seed: 9309351
2026-05-29 23:57:49,000 - INFO - cli - *** selected task: digikala-tc
2026-05-29 23:57:49,016 - INFO - cli - *** example 0 text a is: گیم‌پلی مراسم رونمایی Mortal Kombat ۱۱ دیروز شاهد برگزاری مراسمی برای رونمایی کامل از بازی مورتال کامبت ۱۱ بودیم
2026-05-29 23:58:03,363 - INFO - cli - *** scores for patterns: {1: np.float64(0.6607142857142857), 2: np.float64(0.6428571428571429)}
2026-05-29 23:58:03,363 - INFO - cli - *** selected patter: 1
2026-05-29 23:58:22,874 - INFO - cli - *** selected label words: {'عمومی': ['عمومی'], 'راهنمای خرید': ['عنوان مطلب'], 'بازی ویدیویی': ['گیم بازی'], 'کتاب و ادبیات': ['روانشناسی'], 'سلامت و زیبایی': ['سلامت سلامت'], 'هنر و سینما': ['تماشا فیلم'], 'علم و تکنولوژی': ['تکنولوژی']}
2026-05-29 23:58:22,960 - INFO - cli - *** selected seed: 4735323
2026-05-29 23:58:22,960 - INFO - cli - *** selected task: parsinlu-nli
2026-05-29 23:58:22,962 - INFO - cli - *** example 0 text a is: باقیمانده‌ی دیوار قرن دوم پس از میلاد که زمانی از کوه معبد پشتیبانی می کرد، این بارزترین مکان در جهان برای دین یهود است.
2026-05-29 23:58:36,100 - INFO - cli - *** scores for patterns: {1: np.float64(0.5), 2: np.float64(0.4166666666666667), 3: np.float64(0.2916666666666667)}
2026-05-29 23:58:36,100 - INFO - cli - *** selected patter: 1
2026-05-29 23:58:42,223 - INFO - cli - *** selected label words: {'e': ['نعم'], 'c': ['خب'], 'n': ['امروزه']}
2026-05-29 23:58:42,338 - INFO - cli - *** selected seed: 8899628
2026-05-29 23:58:42,338 - INFO - cli - *** selected task: digikala-tc
2026-05-29 23:58:42,354 - INFO - cli - *** example 0 text a is: مشخصات فنی ویوو NEX ۳ لو رفت چند وقتی است که منتظریم تا ماه سپتامبر از راه برسد و شرکت ویوو، جدیدترین پرچمدار خانواده NEX را با نام ویوو NEX ۳ و پشتیبانی از ۵G معرفی کند
2026-05-29 23:58:56,759 - INFO - cli - *** scores for patterns: {1: np.float64(0.5714285714285714), 2: np.float64(0.5714285714285714)}
2026-05-29 23:58:56,759 - INFO - cli - *** selected patter: 1
2026-05-29 23:59:11,580 - INFO - cli - *** selected label words: {'عمومی': ['عمومی'], 'راهنمای خرید': ['خرید'], 'بازی ویدیویی': ['بازی'], 'کتاب و ادبیات': ['نویسنده'], 'سلامت و زیبایی': ['سلامتی'], 'هنر و سینما': ['سینما'], 'علم و تکنولوژی': ['فناوری']}
2026-05-29 23:59:11,692 - INFO - cli - *** selected seed: 787882
2026-05-29 23:59:11,692 - INFO - cli - *** selected task: parsinlu-food-sentiment
2026-05-29 23:59:11,695 - INFO - cli - *** example 0 text a is: برای اولین بار این محصول رو گرفتم. با توجه به حجم و قوطی فلزی می ارزید. ممنون از دیجی کالا که این محصول رو جدا از بقیه خریدم، بسته بندی کرده بود.
2026-05-29 23:59:24,357 - INFO - cli - *** scores for patterns: {1: np.float64(0.7083333333333334), 2: np.float64(0.5), 3: np.float64(0.5833333333333334)}
2026-05-29 23:59:24,357 - INFO - cli - *** selected patter: 1
2026-05-29 23:59:30,443 - INFO - cli - *** selected label words: {'Positive': ['ممنون'], 'Negative': [':('], 'Neutral': ['متوسط']}
2026-05-29 23:59:30,562 - INFO - cli - *** selected seed: 2817092
2026-05-29 23:59:30,562 - INFO - cli - *** selected task: parsinlu-food-sentiment
2026-05-29 23:59:30,565 - INFO - cli - *** example 0 text a is: تنوع داشت و چون شکل قیف بود بچه ها خیلی ذوق کردن
2026-05-29 23:59:43,315 - INFO - cli - *** scores for patterns: {1: np.float64(0.5416666666666666), 2: np.float64(0.5416666666666666), 3: np.float64(0.5833333333333334)}
2026-05-29 23:59:43,315 - INFO - cli - *** selected patter: 3
2026-05-29 23:59:49,296 - INFO - cli - *** selected label words: {'Positive': ['خوب'], 'Negative': ['خراب'], 'Neutral': ['متوسط']}
2026-05-29 23:59:49,418 - INFO - cli - *** selected seed: 4035116
2026-05-29 23:59:49,418 - INFO - cli - *** selected task: parsinlu-nli
2026-05-29 23:59:49,458 - INFO - cli - *** example 0 text a is: مقامات عراقی می گويند انفجار يک تصادف بود، اما مقامات اوکراين در اين باره  می گويند که آيا اين حادثه يک حمله بود يانه، تحقيق می کنند.
2026-05-30 00:00:02,285 - INFO - cli - *** scores for patterns: {1: np.float64(0.4583333333333333), 2: np.float64(0.4583333333333333), 3: np.float64(0.4166666666666667)}
2026-05-30 00:00:02,285 - INFO - cli - *** selected patter: 1
2026-05-30 00:00:08,376 - INFO - cli - *** selected label words: {'e': ['بله'], 'c': ['خیر'], 'n': ['شاید']}
2026-05-30 00:00:08,495 - INFO - cli - *** selected seed: 9365766
2026-05-30 00:00:08,495 - INFO - cli - *** selected task: parsinlu-food-sentiment
2026-05-30 00:00:08,536 - INFO - cli - *** example 0 text a is: کیفیتش به هیچ وجه با تبلیغاتش همخوانی نداره. بعد از بیست دقیقه تو دهن وا میره بافتش با این قیمت ب هیچ وجه پیشنهاد نمیکنم
2026-05-30 00:00:21,213 - INFO - cli - *** scores for patterns: {1: np.float64(0.625), 2: np.float64(0.6666666666666666), 3: np.float64(0.625)}
2026-05-30 00:00:21,213 - INFO - cli - *** selected patter: 2
2026-05-30 00:00:27,290 - INFO - cli - *** selected label words: {'Positive': ['خوب'], 'Negative': ['بد'], 'Neutral': ['متوسط']}
2026-05-30 00:00:27,412 - INFO - cli - *** selected seed: 1009652
2026-05-30 00:00:27,412 - INFO - cli - *** selected task: parsinlu-nli
2026-05-30 00:00:27,414 - INFO - cli - *** example 0 text a is: تیقیلر، کچارلی (به لاتین: Tığıllar, Koçarlı) یک منطقهٔ مسکونی در ترکیه است که در Koçarlı واقع شده‌است.
2026-05-30 00:00:40,288 - INFO - cli - *** scores for patterns: {1: np.float64(0.4166666666666667), 2: np.float64(0.3333333333333333), 3: np.float64(0.4166666666666667)}
2026-05-30 00:00:40,288 - INFO - cli - *** selected patter: 1
2026-05-30 00:00:48,164 - INFO - cli - *** selected label words: {'e': ['آر بله'], 'c': ['خیر'], 'n': ['شاید']}
2026-05-30 00:00:48,278 - INFO - cli - *** selected seed: 1133406
2026-05-30 00:00:48,278 - INFO - cli - *** selected task: digikala-tc
2026-05-30 00:00:48,294 - INFO - cli - *** example 0 text a is: همه آنچه در مورد ویتامین دی باید بدانید ویتامین D چیست؟ ویتامین D که به عنوان ویتامین نور خورشید هم شناخته می‌شود، توسط بدن و زمانی که در معرض نور آفتاب قرار گرفته باشد، ساخته می‌شود
2026-05-30 00:01:02,508 - INFO - cli - *** scores for patterns: {1: np.float64(0.7142857142857143), 2: np.float64(0.5535714285714286)}
2026-05-30 00:01:02,508 - INFO - cli - *** selected patter: 1
2026-05-30 00:01:21,159 - INFO - cli - *** selected label words: {'عمومی': ['عمومی'], 'راهنمای خرید': ['آموزش'], 'بازی ویدیویی': ['گرافیک'], 'کتاب و ادبیات': ['کتاب'], 'سلامت و زیبایی': ['سلامت نا'], 'هنر و سینما': ['شعار فیلم'], 'علم و تکنولوژی': ['پرشین تکنولوژی']}
2026-05-30 00:01:21,238 - INFO - cli - *** selected seed: 2501068
2026-05-30 00:01:21,238 - INFO - cli - *** selected task: digikala-tc
2026-05-30 00:01:21,254 - INFO - cli - *** example 0 text a is: کوالکام از بزرگ‌ترین حسگر اثر انگشت زیر نمایشگر رونمایی کرد در رابطه با حسگر اثر انگشت زیر نمایشگر باید بگوییم که تا مدتی قبل بیشتر سازندگان از حسگرهای اپتیکال استفاده می‌کردند که از طریق تابش نور و عکس‌برداری از اثر انگشت فرد، فرایند شناسایی انجام می‌شود
2026-05-30 00:01:35,516 - INFO - cli - *** scores for patterns: {1: np.float64(0.6785714285714286), 2: np.float64(0.5535714285714286)}
2026-05-30 00:01:35,516 - INFO - cli - *** selected patter: 1
2026-05-30 00:01:59,158 - INFO - cli - *** selected label words: {'عمومی': ['عمومی'], 'راهنمای خرید': ['خرید'], 'بازی ویدیویی': ['گرافیک'], 'کتاب و ادبیات': ['ادبیات'], 'سلامت و زیبایی': ['سلامت نا'], 'هنر و سینما': ['شعار فیلم'], 'علم و تکنولوژی': ['پرشین تکنولوژی']}
2026-05-30 00:01:59,233 - INFO - cli - *** selected seed: 307152
2026-05-30 00:01:59,233 - INFO - cli - *** selected task: parsinlu-nli
2026-05-30 00:01:59,235 - INFO - cli - *** example 0 text a is: به گفته وی شاخص های بورس به عنوان تابعی از وضعیت کلی اقتصاد کشور و همین طور شاخص پیش بینی کننده بازارسرمابه بر اساس وضعیت کنونی اقتصاد کشور چشم انداز روشنی پیش رو ندارد البته ممکن است که رشد بازار و حرکت نقدینگی به سوی آن در بلند ملت صورت گیرد اما این امر به سه عامل مهم در اقتصاد کلان کشور بستگی دارد.
2026-05-30 00:02:36,161 - INFO - cli - *** scores for patterns: {1: np.float64(0.5), 2: np.float64(0.375), 3: np.float64(0.3333333333333333)}
2026-05-30 00:02:36,161 - INFO - cli - *** selected patter: 1
2026-05-30 00:02:44,502 - INFO - cli - *** selected label words: {'e': ['بله'], 'c': ['خیر'], 'n': ['شاید']}
2026-05-30 00:02:44,614 - INFO - cli - *** selected seed: 736634
2026-05-30 00:02:44,614 - INFO - cli - *** selected task: digikala-tc
2026-05-30 00:02:44,630 - INFO - cli - *** example 0 text a is: ویتامین D۳ چیست و چه نقشی در سلامتی دارد آیا می‌دانید ویتامین D۳‌ چیست؟ با عوارض کمبود ویتامین D۳ چه قدر آشنا هستید؟ ویتامین D۳ یکی از دو نوع مهم ویتامین دی است
2026-05-30 00:02:59,011 - INFO - cli - *** scores for patterns: {1: np.float64(0.6964285714285714), 2: np.float64(0.5892857142857143)}
2026-05-30 00:02:59,011 - INFO - cli - *** selected patter: 1
2026-05-30 00:03:17,164 - INFO - cli - *** selected label words: {'عمومی': ['عمومی'], 'راهنمای خرید': ['موضوع مطلب'], 'بازی ویدیویی': ['ویدیو'], 'کتاب و ادبیات': ['خلاصه داستان'], 'سلامت و زیبایی': ['ورزش'], 'هنر و سینما': ['فیلم'], 'علم و تکنولوژی': ['تکنولوژی']}
2026-05-30 00:03:17,248 - INFO - cli - *** selected seed: 1361442
2026-05-30 00:03:17,248 - INFO - cli - *** selected task: digikala-tc
2026-05-30 00:03:17,263 - INFO - cli - *** example 0 text a is: یواخیم لو در تیم آلمان ماندنی شد سرمربی تیم آلمان به کارش در این تیم ادامه خواهد داد
2026-05-30 00:03:34,349 - INFO - cli - *** scores for patterns: {1: np.float64(0.5535714285714286), 2: np.float64(0.5357142857142857)}
2026-05-30 00:03:34,349 - INFO - cli - *** selected patter: 1
2026-05-30 00:03:55,191 - INFO - cli - *** selected label words: {'عمومی': ['عمومی'], 'راهنمای خرید': ['عنوان مطلب'], 'بازی ویدیویی': ['گیم بازی'], 'کتاب و ادبیات': ['روانشناسی'], 'سلامت و زیبایی': ['سلامت سلامت'], 'هنر و سینما': ['تماشا فیلم'], 'علم و تکنولوژی': ['تکنولوژی']}
2026-05-30 00:03:55,265 - INFO - cli - *** selected seed: 5115798
2026-05-30 00:03:55,265 - INFO - cli - *** selected task: parsinlu-nli
2026-05-30 00:03:55,267 - INFO - cli - *** example 0 text a is: نمای مونت نورپردازی شده در شب از طرف دیگر خلیج دیدنی است.
2026-05-30 00:04:08,885 - INFO - cli - *** scores for patterns: {1: np.float64(0.4166666666666667), 2: np.float64(0.4166666666666667), 3: np.float64(0.3333333333333333)}
2026-05-30 00:04:08,885 - INFO - cli - *** selected patter: 1
2026-05-30 00:04:15,088 - INFO - cli - *** selected label words: {'e': ['نعم'], 'c': ['برعکس'], 'n': ['امروزه']}
2026-05-30 00:04:15,205 - INFO - cli - *** selected seed: 6429173
2026-05-30 00:04:15,205 - INFO - cli - *** selected task: parsinlu-food-sentiment
2026-05-30 00:04:15,207 - INFO - cli - *** example 0 text a is: خیلی خوبه که شیرهای طعم دار کم چرب هم داره. چونکه مارکهای دیگه کم چرب ندیدم من داشته باشن.
2026-05-30 00:04:30,106 - INFO - cli - *** scores for patterns: {1: np.float64(0.625), 2: np.float64(0.5416666666666666), 3: np.float64(0.5416666666666666)}
2026-05-30 00:04:30,106 - INFO - cli - *** selected patter: 1
2026-05-30 00:04:37,600 - INFO - cli - *** selected label words: {'Positive': ['خوب'], 'Negative': ['!!!!!'], 'Neutral': ['متوسط']}
2026-05-30 00:04:37,723 - INFO - cli - *** selected seed: 4801290
2026-05-30 00:04:37,723 - INFO - cli - *** selected task: digikala-tc
2026-05-30 00:04:37,771 - INFO - cli - *** example 0 text a is: شوک به فوتبال ایران؛ خداحافظی ناگهانی رضا قوچان نژاد و سردار آزمون از تیم ملی دو ستاره تیم ملی فوتبال ایران در تصمیمی غیرمنتظره از تیم ملی خداحافظی کردند
2026-05-30 00:04:54,663 - INFO - cli - *** scores for patterns: {1: np.float64(0.75), 2: np.float64(0.5)}
2026-05-30 00:04:54,663 - INFO - cli - *** selected patter: 1
2026-05-30 00:05:09,620 - INFO - cli - *** selected label words: {'عمومی': ['عمومی'], 'راهنمای خرید': ['خرید'], 'بازی ویدیویی': ['بازی'], 'کتاب و ادبیات': ['ادبیات'], 'سلامت و زیبایی': ['سلامتی'], 'هنر و سینما': ['سینما'], 'علم و تکنولوژی': ['فناوری']}
2026-05-30 00:05:09,735 - INFO - cli - *** selected seed: 7824800
2026-05-30 00:05:09,736 - INFO - cli - *** selected task: digikala-tc
2026-05-30 00:05:09,751 - INFO - cli - *** example 0 text a is: شرکت Wacom از یک تبلت طراحی ۴۰۰ دلاری رونمایی کرد شرکت Wacom در نمایشگاه CES ۲۰۲۰ از یک تبلت طراحی ۴۰۰ دلاری رونمایی کرد که ارزان‌ترین تبلت این شرکت محسوب می‌شود
2026-05-30 00:05:24,253 - INFO - cli - *** scores for patterns: {1: np.float64(0.7678571428571429), 2: np.float64(0.625)}
2026-05-30 00:05:24,253 - INFO - cli - *** selected patter: 1
2026-05-30 00:05:44,556 - INFO - cli - *** selected label words: {'عمومی': ['عمومی'], 'راهنمای خرید': ['نکته'], 'بازی ویدیویی': ['بازی نیوز'], 'کتاب و ادبیات': ['خلاصه فارسی'], 'سلامت و زیبایی': ['سلامت مقاله'], 'هنر و سینما': ['مجله فیلم'], 'علم و تکنولوژی': ['پرشین تکنولوژی']}
2026-05-30 00:05:44,639 - INFO - cli - *** selected seed: 7464183
2026-05-30 00:05:44,639 - INFO - cli - *** selected task: parsinlu-nli
2026-05-30 00:05:44,641 - INFO - cli - *** example 0 text a is: اجازه دهید من از شما بپرسم آیا هنوز کاتالوگ یا چیزی از این افراد بدست آورده اید
2026-05-30 00:05:57,575 - INFO - cli - *** scores for patterns: {1: np.float64(0.5), 2: np.float64(0.5416666666666666), 3: np.float64(0.2916666666666667)}
2026-05-30 00:05:57,575 - INFO - cli - *** selected patter: 2
2026-05-30 00:06:03,724 - INFO - cli - *** selected label words: {'e': ['لذا'], 'c': ['خیر'], 'n': ['شاید']}
2026-05-30 00:06:03,835 - INFO - cli - *** selected seed: 242382
2026-05-30 00:06:03,835 - INFO - cli - *** selected task: parsinlu-food-sentiment
2026-05-30 00:06:03,871 - INFO - cli - *** example 0 text a is: طعم مناسب اما شل و رقیق! اب قاطیش شده انگار !!
2026-05-30 00:06:16,509 - INFO - cli - *** scores for patterns: {1: np.float64(0.5833333333333334), 2: np.float64(0.625), 3: np.float64(0.6666666666666666)}
2026-05-30 00:06:16,509 - INFO - cli - *** selected patter: 3
2026-05-30 00:06:22,512 - INFO - cli - *** selected label words: {'Positive': ['خوش'], 'Negative': ['عجیب'], 'Neutral': ['متوسط']}
2026-05-30 00:06:22,634 - INFO - cli - *** selected seed: 3634609
2026-05-30 00:06:22,634 - INFO - cli - *** selected task: parsinlu-food-sentiment
2026-05-30 00:06:22,636 - INFO - cli - *** example 0 text a is: شیر که دیگه نظر نمیخواد پر از ویتامین و خاصیت خوشمزه و خوش طعم
2026-05-30 00:06:35,184 - INFO - cli - *** scores for patterns: {1: np.float64(0.5416666666666666), 2: np.float64(0.5833333333333334), 3: np.float64(0.4583333333333333)}
2026-05-30 00:06:35,184 - INFO - cli - *** selected patter: 2
2026-05-30 00:06:42,120 - INFO - cli - *** selected label words: {'Positive': ['کیفیت عالی'], 'Negative': ['ضعیف'], 'Neutral': ['متوسط']}
2026-05-30 00:06:42,241 - INFO - cli - *** selected seed: 2365669
2026-05-30 00:06:42,241 - INFO - cli - *** selected task: parsinlu-nli
2026-05-30 00:06:42,243 - INFO - cli - *** example 0 text a is: تولد دخترشان آیکو، که پس از گذشت هشت سال از ازدواجشان به وقوع انجامید، بحث پر جنب و جوشی را در ژاپن برانگیخت، که مطابق آن می‌بایست قانون خانواده امپراتوری در سال ۱۹۴۷ از ارشدیت مطلق پسران تغییر یابد به طوری که یک زن هم بتواند به تاج و تخت برسد و فرمانروایی کند.
2026-05-30 00:06:55,101 - INFO - cli - *** scores for patterns: {1: np.float64(0.4166666666666667), 2: np.float64(0.4166666666666667), 3: np.float64(0.375)}
2026-05-30 00:06:55,101 - INFO - cli - *** selected patter: 1
2026-05-30 00:07:02,406 - INFO - cli - *** selected label words: {'e': ['آر بله'], 'c': ['هرگز'], 'n': ['شاید']}
2026-05-30 00:07:02,512 - INFO - cli - *** selected seed: 5222541
2026-05-30 00:07:02,512 - INFO - cli - *** selected task: parsinlu-nli
2026-05-30 00:07:02,514 - INFO - cli - *** example 0 text a is: بخش کراسننسکی (به لاتین: Krasnensky District) یک منطقهٔ مسکونی در روسیه است که در استان بیلگاراد واقع شده‌است.
2026-05-30 00:07:15,390 - INFO - cli - *** scores for patterns: {1: np.float64(0.625), 2: np.float64(0.5416666666666666), 3: np.float64(0.5)}
2026-05-30 00:07:15,390 - INFO - cli - *** selected patter: 1
2026-05-30 00:07:23,071 - INFO - cli - *** selected label words: {'e': ['آر بله'], 'c': ['خیر'], 'n': ['شاید']}
2026-05-30 00:07:23,192 - INFO - cli - *** selected seed: 7256593
2026-05-30 00:07:23,192 - INFO - cli - *** selected task: parsinlu-food-sentiment
2026-05-30 00:07:23,194 - INFO - cli - *** example 0 text a is: خوشمزست فقط شیرینیش زیاده چون میوه های بکار برده شده، هر دو شیرینن
2026-05-30 00:07:35,756 - INFO - cli - *** scores for patterns: {1: np.float64(0.5), 2: np.float64(0.625), 3: np.float64(0.5833333333333334)}
2026-05-30 00:07:35,756 - INFO - cli - *** selected patter: 2
2026-05-30 00:07:42,635 - INFO - cli - *** selected label words: {'Positive': ['کیفیت خوب'], 'Negative': ['تلخ'], 'Neutral': ['معروف']}
2026-05-30 00:07:42,756 - INFO - cli - *** selected seed: 6653743
2026-05-30 00:07:42,756 - INFO - cli - *** selected task: parsinlu-movie-sentiment
2026-05-30 00:07:42,757 - INFO - cli - *** example 0 text a is: این فیلم رو باید دید . من نقد ها رو دیدم و توصیه میکنم ذره بین برندارید برید سینما به قصد دیدن فیلم  برید  فیلم در یک لوکیشن بسته شما رو دنبال خودش میکشه و به هیجان می اورد و بعد هم به فکر وا میدارد
2026-05-30 00:07:55,596 - INFO - cli - *** scores for patterns: {1: np.float64(0.2916666666666667), 2: np.float64(0.5416666666666666), 3: np.float64(0.625)}
2026-05-30 00:07:55,596 - INFO - cli - *** selected patter: 3
2026-05-30 00:08:01,655 - INFO - cli - *** selected label words: {'Positive': ['متفاوت'], 'Negative': ['تلخ'], 'Neutral': ['جالب']}
2026-05-30 00:08:01,774 - INFO - cli - *** selected seed: 4525676
2026-05-30 00:08:01,774 - INFO - cli - *** selected task: digikala-tc
2026-05-30 00:08:01,790 - INFO - cli - *** example 0 text a is: آمازون پروژه ساخت یک فرودگاه اختصاصی ۱٫۵ میلیارد دلاری را آغاز کرد شرکت آمازون می‌خواهد در زمینه‌های مختلف حرف زیادی برای گفتن داشته باشد و یکی از آن‌ها، داشتن زیرساخت‌های عظیم در آمریکا برای حمل و نقل محصولات است
2026-05-30 00:08:16,095 - INFO - cli - *** scores for patterns: {1: np.float64(0.7142857142857143), 2: np.float64(0.6071428571428571)}
2026-05-30 00:08:16,095 - INFO - cli - *** selected patter: 1
2026-05-30 00:08:35,437 - INFO - cli - *** selected label words: {'عمومی': ['عمومی'], 'راهنمای خرید': ['موضوع مطلب'], 'بازی ویدیویی': ['اخبار بازی'], 'کتاب و ادبیات': ['خلاصه فارسی'], 'سلامت و زیبایی': ['سوال'], 'هنر و سینما': ['فیلم'], 'علم و تکنولوژی': ['تکنولوژی']}
2026-05-30 00:08:35,512 - INFO - cli - *** selected seed: 8016066
2026-05-30 00:08:35,512 - INFO - cli - *** selected task: parsinlu-movie-sentiment
2026-05-30 00:08:35,513 - INFO - cli - *** example 0 text a is: من جزو دوست داشته هتم ولی خانم حاتمی واقعن بی حوصله بازی کردن ... تمام حس و حال فیلم رو گرفتند و انگار از سر بی میلی وارد این کار شدن ............  سوای این پایان فیلم هم کمی سرهم بندی بود ...
2026-05-30 00:08:48,403 - INFO - cli - *** scores for patterns: {1: np.float64(0.5), 2: np.float64(0.625), 3: np.float64(0.625)}
2026-05-30 00:08:48,403 - INFO - cli - *** selected patter: 2
2026-05-30 00:08:54,453 - INFO - cli - *** selected label words: {'Positive': ['دیدنی'], 'Negative': ['بد'], 'Neutral': ['متوسط']}
2026-05-30 00:08:54,572 - INFO - cli - *** selected seed: 5629605
2026-05-30 00:08:54,572 - INFO - cli - *** selected task: digikala-tc
2026-05-30 00:08:54,620 - INFO - cli - *** example 0 text a is: نگاهی به فیلم چشم و گوش بسته، یک کمدی محترم فرزاد موتمن را می‌توان از معدود فیلمسازان باسواد امروز سینمای ایران دانست
2026-05-30 00:09:08,884 - INFO - cli - *** scores for patterns: {1: np.float64(0.7321428571428571), 2: np.float64(0.6428571428571429)}
2026-05-30 00:09:08,884 - INFO - cli - *** selected patter: 1
2026-05-30 00:09:29,316 - INFO - cli - *** selected label words: {'عمومی': ['عمومی'], 'راهنمای خرید': ['نکته'], 'بازی ویدیویی': ['بازی نیوز'], 'کتاب و ادبیات': ['کتاب کتاب'], 'سلامت و زیبایی': ['سلامت مقاله'], 'هنر و سینما': ['مجله فیلم'], 'علم و تکنولوژی': ['پرشین تکنولوژی']}
2026-05-30 00:09:29,396 - INFO - cli - *** selected seed: 3646748
2026-05-30 00:09:29,397 - INFO - cli - *** selected task: digikala-tc
2026-05-30 00:09:29,412 - INFO - cli - *** example 0 text a is: گوشی‌های سامسونگ در کشورهای مختلف نوتیفیکیشن عجیبی را دریافت کرده‌اند بر اساس اعلام کاربران در ردیت و توییتر، نوتیفیکیشن عجیبی از طرف اپلیکیشن Find My Mobile برای هزاران گوشی سامسونگ در کشورهای مختلف ارسال شده است
2026-05-30 00:09:43,740 - INFO - cli - *** scores for patterns: {1: np.float64(0.8035714285714286), 2: np.float64(0.7142857142857143)}
2026-05-30 00:09:43,740 - INFO - cli - *** selected patter: 1
2026-05-30 00:10:01,046 - INFO - cli - *** selected label words: {'عمومی': ['عمومی'], 'راهنمای خرید': ['آموزش'], 'بازی ویدیویی': ['بازی بازی'], 'کتاب و ادبیات': ['کتاب'], 'سلامت و زیبایی': ['سلامت'], 'هنر و سینما': ['موسیقی'], 'علم و تکنولوژی': ['فناوری']}
2026-05-30 00:10:01,135 - INFO - cli - *** selected seed: 954561
2026-05-30 00:10:01,135 - INFO - cli - *** selected task: parsinlu-nli
2026-05-30 00:10:01,137 - INFO - cli - *** example 0 text a is: ارجانی‌ها پس از اینکه خانه هایشان خراب شد، در چادرهایی که به آن بهان(در زبان محلی بهو) می گفتند رفتند.
2026-05-30 00:10:14,206 - INFO - cli - *** scores for patterns: {1: np.float64(0.3333333333333333), 2: np.float64(0.3333333333333333), 3: np.float64(0.375)}
2026-05-30 00:10:14,206 - INFO - cli - *** selected patter: 3
2026-05-30 00:10:20,399 - INFO - cli - *** selected label words: {'e': ['بله'], 'c': ['هیچ'], 'n': ['شاید']}
2026-05-30 00:10:20,511 - INFO - cli - *** selected seed: 5162660
2026-05-30 00:10:20,511 - INFO - cli - *** selected task: parsinlu-nli
2026-05-30 00:10:20,513 - INFO - cli - *** example 0 text a is: آثار بارت متون کلیدی در ساختارگرایی و پسا-ساختارگرایی محسوب می‌شوند.
2026-05-30 00:10:33,242 - INFO - cli - *** scores for patterns: {1: np.float64(0.5416666666666666), 2: np.float64(0.5416666666666666), 3: np.float64(0.3333333333333333)}
2026-05-30 00:10:33,242 - INFO - cli - *** selected patter: 1
2026-05-30 00:10:40,585 - INFO - cli - *** selected label words: {'e': ['آر بله'], 'c': ['خب'], 'n': ['امروزه']}
2026-05-30 00:10:40,692 - INFO - cli - *** selected seed: 9037003
2026-05-30 00:10:40,692 - INFO - cli - *** selected task: parsinlu-movie-sentiment
2026-05-30 00:10:40,693 - INFO - cli - *** example 0 text a is: اوووه!  این فیلم کولاک کرد!  همین الآن از سینما اومدم، گفتم حتما باید یه چیز بنویسم.  فوق العاده قشنگ بود و یه کمدی به تمام معنا، یعنی فاخر، نه لوده بازی!  این فیلم قشنگ رو به همه ی کسایی که دوست دارن در کنار خندیدن فکر هم بکنن توصیه میکنم!  عزت زیاد!
2026-05-30 00:10:53,389 - INFO - cli - *** scores for patterns: {1: np.float64(0.5), 2: np.float64(0.7916666666666666), 3: np.float64(0.7083333333333334)}
2026-05-30 00:10:53,389 - INFO - cli - *** selected patter: 2
2026-05-30 00:10:59,440 - INFO - cli - *** selected label words: {'Positive': ['دیدنی'], 'Negative': ['بد'], 'Neutral': ['متوسط']}
2026-05-30 00:10:59,557 - INFO - cli - *** selected seed: 1101070
2026-05-30 00:10:59,557 - INFO - cli - *** selected task: parsinlu-nli
2026-05-30 00:10:59,593 - INFO - cli - *** example 0 text a is: با وجود آن‌که اساس آن تعلیمات بر تفسیر داوود قیسری بر فسوس بنا شده بود، اما خمینی تأیید کرده‌است که شاه‌آبادی بخشی از بینش و بصیرت شخصی خود را نیز در این آموزش دخیل کرده‌بود.
2026-05-30 00:11:12,560 - INFO - cli - *** scores for patterns: {1: np.float64(0.3333333333333333), 2: np.float64(0.3333333333333333), 3: np.float64(0.3333333333333333)}
2026-05-30 00:11:12,560 - INFO - cli - *** selected patter: 1
2026-05-30 00:11:18,655 - INFO - cli - *** selected label words: {'e': ['نعم'], 'c': ['برعکس'], 'n': ['امروزه']}
2026-05-30 00:11:18,774 - INFO - cli - *** selected seed: 9983907
2026-05-30 00:11:18,774 - INFO - cli - *** selected task: parsinlu-nli
2026-05-30 00:11:18,810 - INFO - cli - *** example 0 text a is: همیشه به نظرم می رسد که آن دسته از افرادی که باید بیشترین حقوق را دریافت کنند معلم ها هستند چراکه آینده ما در دست آنهاست. اما این اتفاق نمی افتد. همچنین فکر می کنم سیستم آمورشی کاستی های دارد.
2026-05-30 00:11:31,551 - INFO - cli - *** scores for patterns: {1: np.float64(0.5), 2: np.float64(0.4166666666666667), 3: np.float64(0.3333333333333333)}
2026-05-30 00:11:31,551 - INFO - cli - *** selected patter: 1
2026-05-30 00:11:37,674 - INFO - cli - *** selected label words: {'e': ['بله'], 'c': ['خیر'], 'n': ['شاید']}
2026-05-30 00:11:37,791 - INFO - cli - *** selected seed: 1239969
2026-05-30 00:11:37,791 - INFO - cli - *** selected task: parsinlu-nli
2026-05-30 00:11:37,827 - INFO - cli - *** example 0 text a is: اگرچه ابهام و تنوع زیادی در حالت‌های این سبک وجود دارد، ولی موسیقی ویپورویو غالباً به عنوان وسیله‌ای برای نقد کردن و به تمسخر گرفتن جامعهٔ مصرف‌گرا، فرهنگ یاپی دههٔ ۱۹۸۰، و موسیقی نیو ایج در نظر گرفته می‌شود، درحالی که از لحاظ صوت‌شناسی و زیبایی‌شناختی، شیدایی ناب و کمیابی را بواسطهٔ آثار خاطره‌انگیزش به نمایش می‌گذارد.
2026-05-30 00:12:18,363 - INFO - cli - *** scores for patterns: {1: np.float64(0.4583333333333333), 2: np.float64(0.3333333333333333), 3: np.float64(0.4583333333333333)}
2026-05-30 00:12:18,363 - INFO - cli - *** selected patter: 1
2026-05-30 00:12:31,910 - INFO - cli - *** selected label words: {'e': ['آر بله'], 'c': ['خیر'], 'n': ['شاید']}
2026-05-30 00:12:32,021 - INFO - cli - *** selected seed: 9400899
2026-05-30 00:12:32,021 - INFO - cli - *** selected task: parsinlu-food-sentiment
2026-05-30 00:12:32,059 - INFO - cli - *** example 0 text a is: من عسل بازم و همه جور عسلی خوردم،این عسلی که من خوردم خیلی شیرین بود و گلو رو میزد،دوستان دیگه هم گفته بودن که اینجوری هستش و به نظرم عسل خوب اینجوری نیست
2026-05-30 00:12:49,671 - INFO - cli - *** scores for patterns: {1: np.float64(0.5416666666666666), 2: np.float64(0.5833333333333334), 3: np.float64(0.5416666666666666)}
2026-05-30 00:12:49,671 - INFO - cli - *** selected patter: 2
2026-05-30 00:12:56,552 - INFO - cli - *** selected label words: {'Positive': ['کیفیت خوب'], 'Negative': ['تلخ'], 'Neutral': ['معروف']}
2026-05-30 00:12:56,667 - INFO - cli - *** selected seed: 1793775
2026-05-30 00:12:56,667 - INFO - cli - *** selected task: digikala-tc
2026-05-30 00:12:56,683 - INFO - cli - *** example 0 text a is: با پرداخت حق اشتراک در بازی DOTA ۲ قوی‌تر می‌شوید شرکت بازی‌سازی والو یک سرویس حق اشتراکی جدید برای بازی رایگان DOTA ۲ معرفی کرد
2026-05-30 00:13:11,976 - INFO - cli - *** scores for patterns: {1: np.float64(0.75), 2: np.float64(0.7142857142857143)}
2026-05-30 00:13:11,976 - INFO - cli - *** selected patter: 1
2026-05-30 00:13:32,564 - INFO - cli - *** selected label words: {'عمومی': ['عمومی'], 'راهنمای خرید': ['عنوان مطلب'], 'بازی ویدیویی': ['گرافیک'], 'کتاب و ادبیات': ['چکی کتاب'], 'سلامت و زیبایی': ['سلامت نا'], 'هنر و سینما': ['شعار فیلم'], 'علم و تکنولوژی': ['پرشین تکنولوژی']}
2026-05-30 00:13:32,647 - INFO - cli - *** selected seed: 5239868
2026-05-30 00:13:32,647 - INFO - cli - *** selected task: parsinlu-food-sentiment
2026-05-30 00:13:32,650 - INFO - cli - *** example 0 text a is: جدیدا طعمش عوض شده و عطر هم نداره فقط قیمتش رو دوبرابر کردن بی کیفیت شده اساسی
2026-05-30 00:13:46,885 - INFO - cli - *** scores for patterns: {1: np.float64(0.625), 2: np.float64(0.625), 3: np.float64(0.6666666666666666)}
2026-05-30 00:13:46,885 - INFO - cli - *** selected patter: 3
2026-05-30 00:13:58,991 - INFO - cli - *** selected label words: {'Positive': ['خوب'], 'Negative': ['فاجعه'], 'Neutral': ['متوسط']}
2026-05-30 00:13:59,113 - INFO - cli - *** selected seed: 2411567
2026-05-30 00:13:59,113 - INFO - cli - *** selected task: parsinlu-food-sentiment
2026-05-30 00:13:59,116 - INFO - cli - *** example 0 text a is: تخم مرغ درشت و بدون شکستگی توی دوتا بسته به نسبت قیمت خوبه
2026-05-30 00:14:26,121 - INFO - cli - *** scores for patterns: {1: np.float64(0.7083333333333334), 2: np.float64(0.7083333333333334), 3: np.float64(0.7916666666666666)}
2026-05-30 00:14:26,121 - INFO - cli - *** selected patter: 3
2026-05-30 00:14:37,762 - INFO - cli - *** selected label words: {'Positive': ['خوش'], 'Negative': ['ضعیف'], 'Neutral': ['متوسط']}
2026-05-30 00:14:37,884 - INFO - cli - *** selected seed: 2560652
2026-05-30 00:14:37,884 - INFO - cli - *** selected task: parsinlu-movie-sentiment
2026-05-30 00:14:37,885 - INFO - cli - *** example 0 text a is: یه کمدی متفاوت و خوش ساخت من دوستش داشتم .
2026-05-30 00:14:50,611 - INFO - cli - *** scores for patterns: {1: np.float64(0.5), 2: np.float64(0.5833333333333334), 3: np.float64(0.625)}
2026-05-30 00:14:50,611 - INFO - cli - *** selected patter: 3
2026-05-30 00:14:57,784 - INFO - cli - *** selected label words: {'Positive': ['واقعا عالی'], 'Negative': ['فاجعه'], 'Neutral': ['متوسط']}
2026-05-30 00:14:57,896 - INFO - cli - *** selected seed: 4533001
2026-05-30 00:14:57,896 - INFO - cli - *** selected task: digikala-tc
2026-05-30 00:14:57,912 - INFO - cli - *** example 0 text a is: مایکروسافت از لوگوی جدید مرورگر اج رونمایی کرد مایکروسافت لوگوی مرورگر مایکروسافت اج مبتنی بر کرومیوم را بازطراحی کرده است
2026-05-30 00:15:12,335 - INFO - cli - *** scores for patterns: {1: np.float64(0.7142857142857143), 2: np.float64(0.7321428571428571)}
2026-05-30 00:15:12,335 - INFO - cli - *** selected patter: 2
2026-05-30 00:15:31,440 - INFO - cli - *** selected label words: {'عمومی': ['عمومی'], 'راهنمای خرید': ['رنگ کالا'], 'بازی ویدیویی': ['گیم پلی'], 'کتاب و ادبیات': ['کتاب'], 'سلامت و زیبایی': ['سلامت پزشکی'], 'هنر و سینما': ['سینما'], 'علم و تکنولوژی': ['سامسونگ']}
2026-05-30 00:15:31,531 - INFO - cli - *** selected seed: 853540
2026-05-30 00:15:31,531 - INFO - cli - *** selected task: parsinlu-nli
2026-05-30 00:15:31,533 - INFO - cli - *** example 0 text a is: نتايج تازه ترين نظرسنجيها حکايت از آن دارد که حزب ليکود به رهبری آقای شارون حدود ۳۳ کرسی از ۱۲۰ کرسی پارلمان اسرائيل را تصاحب خواهد کرد و بصورت بزرگترين گروه پارلمانی درخواهد آمد اما حائزِ اکثريت نخواهد شد .
2026-05-30 00:15:44,491 - INFO - cli - *** scores for patterns: {1: np.float64(0.4166666666666667), 2: np.float64(0.3333333333333333), 3: np.float64(0.3333333333333333)}
2026-05-30 00:15:44,491 - INFO - cli - *** selected patter: 1
2026-05-30 00:15:51,693 - INFO - cli - *** selected label words: {'e': ['آر بله'], 'c': ['خیر'], 'n': ['شاید']}
2026-05-30 00:15:51,810 - INFO - cli - *** selected seed: 8058584
2026-05-30 00:15:51,810 - INFO - cli - *** selected task: parsinlu-nli
2026-05-30 00:15:51,812 - INFO - cli - *** example 0 text a is: در جنگ اول یهودیان، هزاران نفر از یهودیان در اینجا قتل عام شدند و هزاران نفر دیگر بعداً در آمفی تئاتر رومی برای سرگرمی جان سپردند.
2026-05-30 00:16:04,485 - INFO - cli - *** scores for patterns: {1: np.float64(0.5), 2: np.float64(0.4583333333333333), 3: np.float64(0.3333333333333333)}
2026-05-30 00:16:04,485 - INFO - cli - *** selected patter: 1
2026-05-30 00:16:10,606 - INFO - cli - *** selected label words: {'e': ['نعم'], 'c': ['برعکس'], 'n': ['امروزه']}
2026-05-30 00:16:10,726 - INFO - cli - *** selected seed: 1534651
2026-05-30 00:16:10,726 - INFO - cli - *** selected task: digikala-tc
2026-05-30 00:16:11,492 - INFO - cli - *** example 0 text a is: نسخه‌ی موبایل H۱Z۱ هم ساخته می‌شود تب بازی‌های بتل رویال قرار نیست به این زودی‌ها تمام شود
2026-05-30 00:16:25,848 - INFO - cli - *** scores for patterns: {1: np.float64(0.6785714285714286), 2: np.float64(0.6607142857142857)}
2026-05-30 00:16:25,848 - INFO - cli - *** selected patter: 1
2026-05-30 00:16:45,968 - INFO - cli - *** selected label words: {'عمومی': ['عمومی'], 'راهنمای خرید': ['نکته'], 'بازی ویدیویی': ['بازی نیوز'], 'کتاب و ادبیات': ['کتاب'], 'سلامت و زیبایی': ['سلامت مقاله'], 'هنر و سینما': ['مجله فیلم'], 'علم و تکنولوژی': ['پرشین تکنولوژی']}
2026-05-30 00:16:46,047 - INFO - cli - *** selected seed: 2518507
2026-05-30 00:16:46,047 - INFO - cli - *** selected task: digikala-tc
2026-05-30 00:16:46,064 - INFO - cli - *** example 0 text a is: گپ و گفت خواندنی بازیگران مرد مطرح ۲۰۱۹ در هالیوود ریپورتر امسال در میزگرد بازیگران مرد در هالیوودریپورتر رابرت دنیرو، تام هنکس، آدام درایور، جیمی فاکس، آدام سندلر و شیا لبوف حضور دارند و درباره‌ی لحظات تاریک سینما، رازهای تجاری پشت آن و نقش‌هایی که زندگی‌شان را عوض کرده است صحبت می‌کنند
2026-05-30 00:17:00,430 - INFO - cli - *** scores for patterns: {1: np.float64(0.875), 2: np.float64(0.8392857142857143)}
2026-05-30 00:17:00,430 - INFO - cli - *** selected patter: 1
2026-05-30 00:17:18,601 - INFO - cli - *** selected label words: {'عمومی': ['عمومی'], 'راهنمای خرید': ['آموزش'], 'بازی ویدیویی': ['بازی بازی'], 'کتاب و ادبیات': ['کتاب کتاب'], 'سلامت و زیبایی': ['سلامت'], 'هنر و سینما': ['موسیقی'], 'علم و تکنولوژی': ['فناوری']}
2026-05-30 00:17:18,682 - INFO - cli - *** selected seed: 6092820
2026-05-30 00:17:18,682 - INFO - cli - *** selected task: parsinlu-nli
2026-05-30 00:17:18,684 - INFO - cli - *** example 0 text a is: زیرا ماداموزیل سینتیا قهوه خود را با شکر نمی خورد.
2026-05-30 00:17:31,447 - INFO - cli - *** scores for patterns: {1: np.float64(0.375), 2: np.float64(0.5), 3: np.float64(0.5416666666666666)}
2026-05-30 00:17:31,447 - INFO - cli - *** selected patter: 3
2026-05-30 00:17:37,479 - INFO - cli - *** selected label words: {'e': ['بله'], 'c': ['خیر'], 'n': ['شاید']}
2026-05-30 00:17:37,595 - INFO - cli - *** selected seed: 6605293
2026-05-30 00:17:37,595 - INFO - cli - *** selected task: parsinlu-food-sentiment
2026-05-30 00:17:37,633 - INFO - cli - *** example 0 text a is: کلا محصولات خوبی هستن ولی خوب در رنج قیمتی خودشون
2026-05-30 00:17:50,394 - INFO - cli - *** scores for patterns: {1: np.float64(0.625), 2: np.float64(0.6666666666666666), 3: np.float64(0.6666666666666666)}
2026-05-30 00:17:50,394 - INFO - cli - *** selected patter: 2
2026-05-30 00:17:56,438 - INFO - cli - *** selected label words: {'Positive': ['سالم'], 'Negative': ['اشتباه'], 'Neutral': ['معروف']}
2026-05-30 00:17:56,560 - INFO - cli - *** selected seed: 3085068
2026-05-30 00:17:56,560 - INFO - cli - *** selected task: parsinlu-food-sentiment
2026-05-30 00:17:56,563 - INFO - cli - *** example 0 text a is: من اصلا ازاین محصول راضی نبودم انگار داری شکر میخوری
2026-05-30 00:18:09,036 - INFO - cli - *** scores for patterns: {1: np.float64(0.75), 2: np.float64(0.7083333333333334), 3: np.float64(0.6666666666666666)}
2026-05-30 00:18:09,036 - INFO - cli - *** selected patter: 1
2026-05-30 00:18:14,985 - INFO - cli - *** selected label words: {'Positive': ['تشکر'], 'Negative': [':('], 'Neutral': ['متوسط']}
2026-05-30 00:18:15,105 - INFO - cli - *** selected seed: 6215440
2026-05-30 00:18:15,105 - INFO - cli - *** selected task: digikala-tc
2026-05-30 00:18:15,120 - INFO - cli - *** example 0 text a is: منتقدان از ایکس‌باکس وان ایکس چه می‌گویند؟ ایکس‌باکس وان ایکس (Xbox One X) چند روزی است که به دست خریداران این کنسول رسیده است
2026-05-30 00:18:29,521 - INFO - cli - *** scores for patterns: {1: np.float64(0.6785714285714286), 2: np.float64(0.6428571428571429)}
2026-05-30 00:18:29,521 - INFO - cli - *** selected patter: 1
2026-05-30 00:18:49,620 - INFO - cli - *** selected label words: {'عمومی': ['عمومی'], 'راهنمای خرید': ['نکته'], 'بازی ویدیویی': ['بازی نیوز'], 'کتاب و ادبیات': ['نویسنده'], 'سلامت و زیبایی': ['سلامت مقاله'], 'هنر و سینما': ['مجله فیلم'], 'علم و تکنولوژی': ['پرشین تکنولوژی']}
2026-05-30 00:18:49,705 - INFO - cli - *** selected seed: 1578680
2026-05-30 00:18:49,705 - INFO - cli - *** selected task: digikala-tc
2026-05-30 00:18:49,721 - INFO - cli - *** example 0 text a is: فیفا تیم منتخب جام جهانی ۲۰۱۸ روسیه را معرفی کرد فدراسیون بین المللی فوتبال تیم منتخب جام جهانی ۲۰۱۸ روسیه را معرفی کرد
2026-05-30 00:19:10,601 - INFO - cli - *** scores for patterns: {1: np.float64(0.75), 2: np.float64(0.6785714285714286)}
2026-05-30 00:19:10,601 - INFO - cli - *** selected patter: 1
2026-05-30 00:19:25,708 - INFO - cli - *** selected label words: {'عمومی': ['عمومی'], 'راهنمای خرید': ['خرید'], 'بازی ویدیویی': ['بازی'], 'کتاب و ادبیات': ['ادبیات'], 'سلامت و زیبایی': ['سلامتی'], 'هنر و سینما': ['سینما'], 'علم و تکنولوژی': ['فناوری']}
2026-05-30 00:19:25,809 - INFO - cli - *** selected seed: 2513331
2026-05-30 00:19:25,809 - INFO - cli - *** selected task: parsinlu-nli
2026-05-30 00:19:25,811 - INFO - cli - *** example 0 text a is: تحقیقات هوشمندانه ای برای
2026-05-30 00:19:41,263 - INFO - cli - *** scores for patterns: {1: np.float64(0.4583333333333333), 2: np.float64(0.4583333333333333), 3: np.float64(0.5)}
2026-05-30 00:19:41,263 - INFO - cli - *** selected patter: 3
2026-05-30 00:19:47,439 - INFO - cli - *** selected label words: {'e': ['بله'], 'c': ['خیر'], 'n': ['شاید']}
2026-05-30 00:19:47,561 - INFO - cli - *** selected seed: 2910764
2026-05-30 00:19:47,561 - INFO - cli - *** selected task: parsinlu-nli
2026-05-30 00:19:47,563 - INFO - cli - *** example 0 text a is: دادور گرایش به خواندن آوازهای مدرن دارد، اما گفته‌است که از آوازها و موسیقی سنتی ایرانی هم الهام می‌گیرد.
2026-05-30 00:20:01,813 - INFO - cli - *** scores for patterns: {1: np.float64(0.5), 2: np.float64(0.6666666666666666), 3: np.float64(0.4583333333333333)}
2026-05-30 00:20:01,814 - INFO - cli - *** selected patter: 2
2026-05-30 00:20:07,868 - INFO - cli - *** selected label words: {'e': ['لذا'], 'c': ['خیر'], 'n': ['شاید']}
2026-05-30 00:20:07,988 - INFO - cli - *** selected seed: 2416790
2026-05-30 00:20:07,988 - INFO - cli - *** selected task: digikala-tc
2026-05-30 00:20:08,004 - INFO - cli - *** example 0 text a is: رقابت داغ گوشی‌های هوشمند بر سر دوربین سلفی گلکسی A۸۰ سامسونگ که اخیرا معرفی شده، از ویژگی خاصی بهره می‌برد؛ در این گوشی، دوربین‌های اصلی با چرخیدن به دوربین سلفی تبدیل می‌شوند
2026-05-30 00:20:22,282 - INFO - cli - *** scores for patterns: {1: np.float64(0.7857142857142857), 2: np.float64(0.7678571428571429)}
2026-05-30 00:20:22,282 - INFO - cli - *** selected patter: 1
2026-05-30 00:20:42,622 - INFO - cli - *** selected label words: {'عمومی': ['عمومی'], 'راهنمای خرید': ['عنوان مطلب'], 'بازی ویدیویی': ['گیم بازی'], 'کتاب و ادبیات': ['چکی کتاب'], 'سلامت و زیبایی': ['سلامت سلامت'], 'هنر و سینما': ['تماشا فیلم'], 'علم و تکنولوژی': ['تکنولوژی']}
2026-05-30 00:20:42,705 - INFO - cli - *** selected seed: 8118829
2026-05-30 00:20:42,705 - INFO - cli - *** selected task: parsinlu-movie-sentiment
2026-05-30 00:20:42,706 - INFO - cli - *** example 0 text a is: این فیلم طنز بود یا مسخره بازی یا که چی؟؟؟  ارزش وقت گذاشتن نداشت...
2026-05-30 00:20:55,423 - INFO - cli - *** scores for patterns: {1: np.float64(0.4166666666666667), 2: np.float64(0.6666666666666666), 3: np.float64(0.75)}
2026-05-30 00:20:55,423 - INFO - cli - *** selected patter: 3
2026-05-30 00:21:02,516 - INFO - cli - *** selected label words: {'Positive': ['خوب'], 'Negative': ['فیلم ضعیف'], 'Neutral': ['زیبا']}
2026-05-30 00:21:02,631 - INFO - cli - *** selected seed: 5101932
2026-05-30 00:21:02,631 - INFO - cli - *** selected task: digikala-tc
2026-05-30 00:21:02,647 - INFO - cli - *** example 0 text a is: جهانی وسیع و زیبا در آنسوی مرزهای Read Dead Online انتظار شما را می‌کشد آیا می‌دانستید که ممکن است مرزهای بازی Read dead Online را پشت سر گذاشت؟ کار مشکلی است، ولی اگر محل درست را بیابید، و کار درست را انجام دهید، می‌توانید از محدودیتی که راک‌استار بر شما اعمال کرده است، فراتر روید
2026-05-30 00:21:17,005 - INFO - cli - *** scores for patterns: {1: np.float64(0.75), 2: np.float64(0.7678571428571429)}
2026-05-30 00:21:17,005 - INFO - cli - *** selected patter: 2
2026-05-30 00:21:31,718 - INFO - cli - *** selected label words: {'عمومی': ['عمومی'], 'راهنمای خرید': ['آموزش'], 'بازی ویدیویی': ['ویدیو'], 'کتاب و ادبیات': ['خواندن'], 'سلامت و زیبایی': ['فوتبال'], 'هنر و سینما': ['مستند'], 'علم و تکنولوژی': ['اپل']}
2026-05-30 00:21:31,831 - INFO - cli - *** selected seed: 9741997
2026-05-30 00:21:31,831 - INFO - cli - *** selected task: parsinlu-movie-sentiment
2026-05-30 00:21:31,832 - INFO - cli - *** example 0 text a is: اگه می خواین بفهمین چی شده باید بازی کنید خودتون  ولی والا خود کسانی که تو بازی بودن هم نفهمیدن چی شد حالا ما چند نفر اضافه تر مشکلی رو حل نمی کنه
2026-05-30 00:21:44,678 - INFO - cli - *** scores for patterns: {1: np.float64(0.4583333333333333), 2: np.float64(0.625), 3: np.float64(0.5)}
2026-05-30 00:21:44,678 - INFO - cli - *** selected patter: 2
2026-05-30 00:21:52,103 - INFO - cli - *** selected label words: {'Positive': ['واقعا عالی'], 'Negative': ['واقعا بد'], 'Neutral': ['قشنگ']}
2026-05-30 00:21:52,198 - INFO - cli - *** selected seed: 8804607
2026-05-30 00:21:52,198 - INFO - cli - *** selected task: parsinlu-nli
2026-05-30 00:21:52,200 - INFO - cli - *** example 0 text a is: گل زیبای زیر طاق او در دربی معروف سال ۱۳۷۹ به احمدرضا عابدزاده که در آن روزها در اوج آمادگی قرار داشت و درگیری نوازی و حمید استیلی، پایان رأفت و پرویز برومند که منجر به رفتن دو روزه او به زندان شد در همان بازی رخ داد.
2026-05-30 00:22:11,731 - INFO - cli - *** scores for patterns: {1: np.float64(0.5), 2: np.float64(0.5416666666666666), 3: np.float64(0.3333333333333333)}
2026-05-30 00:22:11,731 - INFO - cli - *** selected patter: 2
2026-05-30 00:22:17,852 - INFO - cli - *** selected label words: {'e': ['بله'], 'c': ['خیر'], 'n': ['شاید']}
2026-05-30 00:22:17,971 - INFO - cli - *** selected seed: 6965036
2026-05-30 00:22:17,972 - INFO - cli - *** selected task: parsinlu-food-sentiment
2026-05-30 00:22:17,974 - INFO - cli - *** example 0 text a is: بافتش شبیه گوشت چرخکرده های معمولی نبود. و هنگام تفت دادن انسجام نداشت.طعم هم نداشت
2026-05-30 00:22:30,552 - INFO - cli - *** scores for patterns: {1: np.float64(0.6666666666666666), 2: np.float64(0.4583333333333333), 3: np.float64(0.625)}
2026-05-30 00:22:30,552 - INFO - cli - *** selected patter: 1
2026-05-30 00:22:37,495 - INFO - cli - *** selected label words: {'Positive': ['خوب'], 'Negative': ['!!!!!'], 'Neutral': ['متوسط']}
2026-05-30 00:22:37,616 - INFO - cli - *** selected seed: 3417536
2026-05-30 00:22:37,617 - INFO - cli - *** selected task: digikala-tc
2026-05-30 00:22:37,632 - INFO - cli - *** example 0 text a is: نسل دوم گلکسی فولد با دو تغییر مهم روانه‌ی بازار می‌شود طبق گزارش منتشر شده از جانب یک رسانه کره‌ای، نسل دوم گوشی تاشو گلکسی فولد سامسونگ در ماه آوریل ۲۰۲۰ معرفی می‌شود و این یعنی یک ماه پس از حضور گلکسی اس ۱۱، شاهد معرفی گلکسی فولد ۲ خواهیم بود
2026-05-30 00:22:51,855 - INFO - cli - *** scores for patterns: {1: np.float64(0.6785714285714286), 2: np.float64(0.6964285714285714)}
2026-05-30 00:22:51,855 - INFO - cli - *** selected patter: 2
2026-05-30 00:23:09,051 - INFO - cli - *** selected label words: {'عمومی': ['عمومی'], 'راهنمای خرید': ['فروش'], 'بازی ویدیویی': ['گرافیک'], 'کتاب و ادبیات': ['زندگی'], 'سلامت و زیبایی': ['جام فوتبال'], 'هنر و سینما': ['هنر'], 'علم و تکنولوژی': ['طراحی']}
2026-05-30 00:23:09,140 - INFO - cli - *** selected seed: 2731708
2026-05-30 00:23:09,140 - INFO - cli - *** selected task: parsinlu-food-sentiment
2026-05-30 00:23:09,143 - INFO - cli - *** example 0 text a is: علی رغم قیمت خیلی مناسب اصلا کیفیت و مزه خوبی نداشتن و در حد برند میهن نبود و اگه برندشو نمیدونستین و میخوردین حتما میگفتین یه مارک معمولی و نا اشناست . پیشنهاد نمیکنم
2026-05-30 00:23:22,092 - INFO - cli - *** scores for patterns: {1: np.float64(0.5), 2: np.float64(0.75), 3: np.float64(0.625)}
2026-05-30 00:23:22,092 - INFO - cli - *** selected patter: 2
2026-05-30 00:23:29,027 - INFO - cli - *** selected label words: {'Positive': ['کیفیت خوب'], 'Negative': ['تلخ'], 'Neutral': ['معروف']}
2026-05-30 00:23:29,141 - INFO - cli - *** selected seed: 3643812
2026-05-30 00:23:29,142 - INFO - cli - *** selected task: parsinlu-nli
2026-05-30 00:23:29,143 - INFO - cli - *** example 0 text a is: تيم آريزونا کاردينالز دومين پيروزی خود در اين فصل را پس از شکست دادن تيم سياتل سی هاکز با نتيجه ۱۷-۲۵ بدست آورد.
2026-05-30 00:23:42,012 - INFO - cli - *** scores for patterns: {1: np.float64(0.5), 2: np.float64(0.5), 3: np.float64(0.3333333333333333)}
2026-05-30 00:23:42,012 - INFO - cli - *** selected patter: 1
2026-05-30 00:23:49,762 - INFO - cli - *** selected label words: {'e': ['آر بله'], 'c': ['برعکس'], 'n': ['امروزه']}
2026-05-30 00:23:49,879 - INFO - cli - *** selected seed: 4249414
2026-05-30 00:23:49,879 - INFO - cli - *** selected task: parsinlu-food-sentiment
2026-05-30 00:23:49,882 - INFO - cli - *** example 0 text a is: این محصول خیلی خوشمزه هست و کیفیت بالایی داره، طعمشم خیلی طبیعیه، اما بیرون سخت پیدا میشه، خوش حالم که از دیجی کالا با قیمت مناسب تهیه کردم
2026-05-30 00:24:02,460 - INFO - cli - *** scores for patterns: {1: np.float64(0.5833333333333334), 2: np.float64(0.6666666666666666), 3: np.float64(0.7083333333333334)}
2026-05-30 00:24:02,460 - INFO - cli - *** selected patter: 3
2026-05-30 00:24:08,439 - INFO - cli - *** selected label words: {'Positive': ['خوش'], 'Negative': ['تلخ'], 'Neutral': ['متوسط']}
2026-05-30 00:24:08,560 - INFO - cli - *** selected seed: 7951657
2026-05-30 00:24:08,560 - INFO - cli - *** selected task: parsinlu-movie-sentiment
2026-05-30 00:24:08,561 - INFO - cli - *** example 0 text a is: یه کمدی متفاوت و خوش ساخت من دوستش داشتم .
2026-05-30 00:24:21,273 - INFO - cli - *** scores for patterns: {1: np.float64(0.5416666666666666), 2: np.float64(0.625), 3: np.float64(0.4583333333333333)}
2026-05-30 00:24:21,274 - INFO - cli - *** selected patter: 2
2026-05-30 00:24:28,598 - INFO - cli - *** selected label words: {'Positive': ['واقعا عالی'], 'Negative': ['واقعا بد'], 'Neutral': ['قشنگ']}
2026-05-30 00:24:28,695 - INFO - cli - *** selected seed: 9750403
2026-05-30 00:24:28,695 - INFO - cli - *** selected task: parsinlu-nli
2026-05-30 00:24:28,697 - INFO - cli - *** example 0 text a is: مرد مسلح، که دانشجوی سابق یک دانشگاه حومه شیکاگو بود، روز پنجشنبه با دو هفت تیر و یک تفنگ شکاری به سالن سخنرانی مملو از دانشجویان رشته علوم وارد شد و پس از کشتن پنج تن و زخمی کردن ۱۶ تن دست به خودکشی زد.
2026-05-30 00:24:41,498 - INFO - cli - *** scores for patterns: {1: np.float64(0.5833333333333334), 2: np.float64(0.4583333333333333), 3: np.float64(0.5)}
2026-05-30 00:24:41,498 - INFO - cli - *** selected patter: 1
2026-05-30 00:24:47,607 - INFO - cli - *** selected label words: {'e': ['نعم'], 'c': ['خب'], 'n': ['امروزه']}
2026-05-30 00:24:47,729 - INFO - cli - *** selected seed: 3757216
2026-05-30 00:24:47,729 - INFO - cli - *** selected task: parsinlu-nli
2026-05-30 00:24:47,731 - INFO - cli - *** example 0 text a is: آقای فياد گفت هر ماهه گزارش بودجه در اختيار عموم گذاشته خواهد شد و قول داد هر اداره ای که از محدوده بودجه تعيين شده تخطی کند، عواقب آن رابپردازد.
2026-05-30 00:25:00,553 - INFO - cli - *** scores for patterns: {1: np.float64(0.4166666666666667), 2: np.float64(0.3333333333333333), 3: np.float64(0.4166666666666667)}
2026-05-30 00:25:00,553 - INFO - cli - *** selected patter: 1
2026-05-30 00:25:06,660 - INFO - cli - *** selected label words: {'e': ['بله'], 'c': ['هرگز'], 'n': ['شاید']}
2026-05-30 00:25:06,777 - INFO - cli - *** selected seed: 4887753
2026-05-30 00:25:06,777 - INFO - cli - *** selected task: parsinlu-nli
2026-05-30 00:25:06,779 - INFO - cli - *** example 0 text a is: مساله انتشار گازهای گلخانه ای باید با توجه به تغییرات آب و هوایی پرداخته شود که در حال حاضر توسط کارگروه کابینه رئیس جمهور انجام می شود.
2026-05-30 00:25:21,739 - INFO - cli - *** scores for patterns: {1: np.float64(0.5833333333333334), 2: np.float64(0.5), 3: np.float64(0.5)}
2026-05-30 00:25:21,739 - INFO - cli - *** selected patter: 1
2026-05-30 00:25:29,441 - INFO - cli - *** selected label words: {'e': ['بله'], 'c': ['هرگز'], 'n': ['شاید']}
2026-05-30 00:25:29,558 - INFO - cli - *** selected seed: 6981692
2026-05-30 00:25:29,558 - INFO - cli - *** selected task: parsinlu-movie-sentiment
2026-05-30 00:25:29,559 - INFO - cli - *** example 0 text a is: خودم را هم که دست به سر کنم ، با این لهجه ی باران گرفته چه کنم ؟!  نمی دانم شاید هنوز با بوی پیراهن شما نسبتی دارم ...مارال بنی هاشمی  ____  فیلم در جستجوی فریده، مستندی روان، پر از احساسات و بسیار عالی بود..
2026-05-30 00:25:42,896 - INFO - cli - *** scores for patterns: {1: np.float64(0.5833333333333334), 2: np.float64(0.5), 3: np.float64(0.3333333333333333)}
2026-05-30 00:25:42,896 - INFO - cli - *** selected patter: 1
2026-05-30 00:25:50,083 - INFO - cli - *** selected label words: {'Positive': ['عالی'], 'Negative': ['!!!!'], 'Neutral': ['ادامه ...']}
2026-05-30 00:25:50,197 - INFO - cli - *** selected seed: 2899879
2026-05-30 00:25:50,197 - INFO - cli - *** selected task: digikala-tc
2026-05-30 00:25:50,212 - INFO - cli - *** example 0 text a is: آنچه شما گفتید: سونیک یا ماریو؟ هفته‌ی گذشته مثل روند همیشگی مجموعه مطالب شما بگویید، با سوالی جدید به سراغ‌تان آمدیم
2026-05-30 00:26:04,474 - INFO - cli - *** scores for patterns: {1: np.float64(0.6964285714285714), 2: np.float64(0.6785714285714286)}
2026-05-30 00:26:04,474 - INFO - cli - *** selected patter: 1
2026-05-30 00:26:22,886 - INFO - cli - *** selected label words: {'عمومی': ['عمومی'], 'راهنمای خرید': ['عنوان مطلب'], 'بازی ویدیویی': ['ویدیو'], 'کتاب و ادبیات': ['روانشناسی'], 'سلامت و زیبایی': ['ورزش'], 'هنر و سینما': ['تماشا فیلم'], 'علم و تکنولوژی': ['تکنولوژی']}
2026-05-30 00:26:22,971 - INFO - cli - *** selected seed: 3716761
2026-05-30 00:26:22,972 - INFO - cli - *** selected task: parsinlu-nli
2026-05-30 00:26:22,973 - INFO - cli - *** example 0 text a is: محفظه داخلی آن حاوی  گرانیت قرمز بود.
2026-05-30 00:26:37,347 - INFO - cli - *** scores for patterns: {1: np.float64(0.5416666666666666), 2: np.float64(0.4583333333333333), 3: np.float64(0.3333333333333333)}
2026-05-30 00:26:37,347 - INFO - cli - *** selected patter: 1
2026-05-30 00:26:43,402 - INFO - cli - *** selected label words: {'e': ['نعم'], 'c': ['خب'], 'n': ['امروزه']}
2026-05-30 00:26:43,522 - INFO - cli - *** selected seed: 1342833
2026-05-30 00:26:43,522 - INFO - cli - *** selected task: parsinlu-nli
2026-05-30 00:26:43,524 - INFO - cli - *** example 0 text a is: درخشندگی سیاه‌چاله‌های کلان‌جرم در اختروش‌ها بین ده تا صدبرابر درخشندگی بقیه اختروش است.
2026-05-30 00:26:56,222 - INFO - cli - *** scores for patterns: {1: np.float64(0.4583333333333333), 2: np.float64(0.3333333333333333), 3: np.float64(0.3333333333333333)}
2026-05-30 00:26:56,222 - INFO - cli - *** selected patter: 1
2026-05-30 00:27:02,304 - INFO - cli - *** selected label words: {'e': ['نعم'], 'c': ['خب'], 'n': ['امروزه']}
2026-05-30 00:27:02,417 - INFO - cli - *** selected seed: 3706969
2026-05-30 00:27:02,417 - INFO - cli - *** selected task: digikala-tc
2026-05-30 00:27:02,432 - INFO - cli - *** example 0 text a is: فورتنایت نیازی به اشتراک آنلاین سوییچ ندارد نینتندو چند روز پیش خبر داد که می‌خواهد سرویس آنلاین کنسول جدیدش را به زودی راه اندازی کند
2026-05-30 00:27:16,781 - INFO - cli - *** scores for patterns: {1: np.float64(0.7321428571428571), 2: np.float64(0.7321428571428571)}
2026-05-30 00:27:16,781 - INFO - cli - *** selected patter: 1
2026-05-30 00:27:36,617 - INFO - cli - *** selected label words: {'عمومی': ['عمومی'], 'راهنمای خرید': ['عنوان مطلب'], 'بازی ویدیویی': ['گیم بازی'], 'کتاب و ادبیات': ['روانشناسی'], 'سلامت و زیبایی': ['سلامت سلامت'], 'هنر و سینما': ['تماشا فیلم'], 'علم و تکنولوژی': ['تکنولوژی']}
2026-05-30 00:27:36,696 - INFO - cli - *** selected seed: 3748661
2026-05-30 00:27:36,697 - INFO - cli - *** selected task: parsinlu-food-sentiment
2026-05-30 00:27:36,699 - INFO - cli - *** example 0 text a is: نخود چی و کشمش تازه بودن فقط خیلی کم بود البته وزنش درج شده بود
2026-05-30 00:27:49,382 - INFO - cli - *** scores for patterns: {1: np.float64(0.5416666666666666), 2: np.float64(0.75), 3: np.float64(0.75)}
2026-05-30 00:27:49,382 - INFO - cli - *** selected patter: 2
2026-05-30 00:27:56,207 - INFO - cli - *** selected label words: {'Positive': ['قیمت خوب'], 'Negative': ['کم'], 'Neutral': ['متوسط']}
2026-05-30 00:27:56,329 - INFO - cli - *** selected seed: 3026022
2026-05-30 00:27:56,329 - INFO - cli - *** selected task: parsinlu-nli
2026-05-30 00:27:56,365 - INFO - cli - *** example 0 text a is: جنوب شرقی سن ژان دو لوز Ascain است ، با یک میدان روستایی که در آن خانه های مسحور قرن هفدهم و یک کلیسای معمولی چوبی و گالری احاطه شده است.
2026-05-30 00:28:09,080 - INFO - cli - *** scores for patterns: {1: np.float64(0.4166666666666667), 2: np.float64(0.375), 3: np.float64(0.375)}
2026-05-30 00:28:09,080 - INFO - cli - *** selected patter: 1
2026-05-30 00:28:15,169 - INFO - cli - *** selected label words: {'e': ['بله'], 'c': ['هرگز'], 'n': ['شاید']}
2026-05-30 00:28:15,283 - INFO - cli - *** selected seed: 8963393
2026-05-30 00:28:15,283 - INFO - cli - *** selected task: parsinlu-food-sentiment
2026-05-30 00:28:15,321 - INFO - cli - *** example 0 text a is: استفاده کم از شکر مناسب برای کسایی که شکر ضرر داره براشون
2026-05-30 00:28:28,038 - INFO - cli - *** scores for patterns: {1: np.float64(0.625), 2: np.float64(0.75), 3: np.float64(0.75)}
2026-05-30 00:28:28,038 - INFO - cli - *** selected patter: 2
2026-05-30 00:28:34,076 - INFO - cli - *** selected label words: {'Positive': ['عالی'], 'Negative': ['خراب'], 'Neutral': ['متوسط']}
2026-05-30 00:28:34,199 - INFO - cli - *** selected seed: 9551659
2026-05-30 00:28:34,199 - INFO - cli - *** selected task: parsinlu-nli
2026-05-30 00:28:34,201 - INFO - cli - *** example 0 text a is: دلايل اين بيماري هنوز مشخص نشده است.
2026-05-30 00:28:46,928 - INFO - cli - *** scores for patterns: {1: np.float64(0.5833333333333334), 2: np.float64(0.5833333333333334), 3: np.float64(0.5)}
2026-05-30 00:28:46,928 - INFO - cli - *** selected patter: 1
2026-05-30 00:28:54,154 - INFO - cli - *** selected label words: {'e': ['آر بله'], 'c': ['خب'], 'n': ['امروزه']}
2026-05-30 00:28:54,266 - INFO - cli - *** selected seed: 3818881
2026-05-30 00:28:54,266 - INFO - cli - *** selected task: parsinlu-food-sentiment
2026-05-30 00:28:54,269 - INFO - cli - *** example 0 text a is: دست من اومده و کارتنش پاره شده. کلا محصولات عادی از دی جی کالا میگریم اونقدر بی کیفیت هستن که باید مرجوع کنیم. اینها که دیگه غذایی هستن و با سلامتی در ارتباط هستن باید بیشتر مراقبت کرد.
2026-05-30 00:29:06,852 - INFO - cli - *** scores for patterns: {1: np.float64(0.6666666666666666), 2: np.float64(0.75), 3: np.float64(0.75)}
2026-05-30 00:29:06,852 - INFO - cli - *** selected patter: 2
2026-05-30 00:29:13,736 - INFO - cli - *** selected label words: {'Positive': ['کیفیت عالی'], 'Negative': ['ضعیف'], 'Neutral': ['معروف']}
2026-05-30 00:29:13,857 - INFO - cli - *** selected seed: 7438721
2026-05-30 00:29:13,857 - INFO - cli - *** selected task: parsinlu-movie-sentiment
2026-05-30 00:29:13,858 - INFO - cli - *** example 0 text a is: همون طور که پیش بینی کرده بودم سریال رفته رفته بهتر شد. از قسمت چهار به بعد واقعا جالب شده و متن خوب و قوی ای داره. بازیگران هم همه عالین مخصوصا هادی کاظمی. قسمت پنجم عالی بود به خصوص سکانس نامه عربی نوشتن.
2026-05-30 00:29:26,589 - INFO - cli - *** scores for patterns: {1: np.float64(0.625), 2: np.float64(0.6666666666666666), 3: np.float64(0.5416666666666666)}
2026-05-30 00:29:26,589 - INFO - cli - *** selected patter: 2
2026-05-30 00:29:33,995 - INFO - cli - *** selected label words: {'Positive': ['واقعا عالی'], 'Negative': ['واقعا بد'], 'Neutral': ['قشنگ']}
2026-05-30 00:29:34,090 - INFO - cli - *** selected seed: 9368447
2026-05-30 00:29:34,090 - INFO - cli - *** selected task: parsinlu-movie-sentiment
2026-05-30 00:29:34,091 - INFO - cli - *** example 0 text a is: هیچ فیلمی بی نقص نیست، ولی احساسی که یک فیلم منتقل میکنه میتونه تا حد زیادی نقص ها رو بپوشونه.  موضوع آنچنان خاص نبود، ولی فیلم خیلی خوش ساخت و بازی ها هم خیلی خوب بود. و در کل فیلم خوبی بود.
2026-05-30 00:29:46,842 - INFO - cli - *** scores for patterns: {1: np.float64(0.4583333333333333), 2: np.float64(0.6666666666666666), 3: np.float64(0.6666666666666666)}
2026-05-30 00:29:46,842 - INFO - cli - *** selected patter: 2
2026-05-30 00:29:54,247 - INFO - cli - *** selected label words: {'Positive': ['واقعا عالی'], 'Negative': ['واقعا بد'], 'Neutral': ['قشنگ']}
2026-05-30 00:29:54,349 - INFO - cli - *** selected seed: 9773282
2026-05-30 00:29:54,349 - INFO - cli - *** selected task: parsinlu-nli
2026-05-30 00:29:54,387 - INFO - cli - *** example 0 text a is: علاوه بر تالار مانداپا برای نمازگزاران٬ چهار گنبد سیکارا از ایوان ورودی نیز بالا رفته بود. یک سالن بزرگتر برای دختران رقاص؛ و پناهگاه داخلی ، محاصره شده توسط یک محیط بان برای پیاده روی در برابر تصویر خدایان.
2026-05-30 00:30:07,316 - INFO - cli - *** scores for patterns: {1: np.float64(0.625), 2: np.float64(0.625), 3: np.float64(0.5)}
2026-05-30 00:30:07,316 - INFO - cli - *** selected patter: 1
2026-05-30 00:30:13,414 - INFO - cli - *** selected label words: {'e': ['نعم'], 'c': ['برعکس'], 'n': ['امروزه']}
2026-05-30 00:30:13,527 - INFO - cli - *** selected seed: 6376467
2026-05-30 00:30:13,527 - INFO - cli - *** selected task: parsinlu-nli
2026-05-30 00:30:13,565 - INFO - cli - *** example 0 text a is: بی‌شک تخلیه مستمر منابع، رفاه انسان را نیز تحلیل می‌برد، منابع معیشتی نابود می‌شوند، اراضی بی‌ثمر می‌مانند و منابع به‌طور فزاینده‌ای گران، کمیاب و غیرقابل دسترس می‌شوند و در چنین شرایطی تفاوت منابع آشکار می‌شود.
2026-05-30 00:30:26,380 - INFO - cli - *** scores for patterns: {1: np.float64(0.5), 2: np.float64(0.375), 3: np.float64(0.2916666666666667)}
2026-05-30 00:30:26,380 - INFO - cli - *** selected patter: 1
2026-05-30 00:30:33,587 - INFO - cli - *** selected label words: {'e': ['آر بله'], 'c': ['خب'], 'n': ['امروزه']}
2026-05-30 00:30:33,699 - INFO - cli - *** selected seed: 7643627
2026-05-30 00:30:33,699 - INFO - cli - *** selected task: digikala-tc
2026-05-30 00:30:33,752 - INFO - cli - *** example 0 text a is: ۴ باور نادرست ولی رایج در مورد آیفون در مورد آیفون و در کل در رابطه با گوشی‌های هوشمند چیزهای زیادی به گوشمان خورده است؛ مواردی مانند جدا کردن گوشی از شارژر برای اینکه بیش از شارژ نشود، یا شاید هم شنیده‌اید که باید مرتبا اپلیکیشن‌های پس‌زمینه را ببندید تا در مصرف باتری صرفه‌جویی شود
2026-05-30 00:30:48,117 - INFO - cli - *** scores for patterns: {1: np.float64(0.8214285714285714), 2: np.float64(0.7321428571428571)}
2026-05-30 00:30:48,117 - INFO - cli - *** selected patter: 1
2026-05-30 00:31:05,360 - INFO - cli - *** selected label words: {'عمومی': ['عمومی'], 'راهنمای خرید': ['آموزش'], 'بازی ویدیویی': ['بازی بازی'], 'کتاب و ادبیات': ['کتاب'], 'سلامت و زیبایی': ['سلامت'], 'هنر و سینما': ['موسیقی'], 'علم و تکنولوژی': ['فناوری']}
2026-05-30 00:31:05,454 - INFO - cli - *** selected seed: 9827555
2026-05-30 00:31:05,454 - INFO - cli - *** selected task: parsinlu-food-sentiment
2026-05-30 00:31:05,457 - INFO - cli - *** example 0 text a is: اگه به این هوا میگیرید که طعم واقعی بلوبری رو بچشید، پولتونو حروم نکنید. خیلی بدمزه ست. رسما مزه شربت سینه میده. اونم خیلی تند و تیز
2026-05-30 00:31:18,107 - INFO - cli - *** scores for patterns: {1: np.float64(0.5833333333333334), 2: np.float64(0.6666666666666666), 3: np.float64(0.625)}
2026-05-30 00:31:18,107 - INFO - cli - *** selected patter: 2
2026-05-30 00:31:24,178 - INFO - cli - *** selected label words: {'Positive': ['سالم'], 'Negative': ['اشتباه'], 'Neutral': ['معروف']}
2026-05-30 00:31:24,300 - INFO - cli - *** selected seed: 9926682
2026-05-30 00:31:24,300 - INFO - cli - *** selected task: parsinlu-food-sentiment
2026-05-30 00:31:24,303 - INFO - cli - *** example 0 text a is: تعدادش خیلی کم بود من دو بسته گرفتم یکیش به هم چسبیده بود باراکا با تعداد بالاتر داره با صرفه تره
2026-05-30 00:31:37,031 - INFO - cli - *** scores for patterns: {1: np.float64(0.5833333333333334), 2: np.float64(0.7083333333333334), 3: np.float64(0.6666666666666666)}
2026-05-30 00:31:37,031 - INFO - cli - *** selected patter: 2
2026-05-30 00:31:43,239 - INFO - cli - *** selected label words: {'Positive': ['عالی'], 'Negative': ['خراب'], 'Neutral': ['متوسط']}
